(TranslationUnit (SymbolTable 1 {}) [(RealConstant   5.00000000000000000e+00 (Real 4 [])) (RealBinOp (RealConstant   5.00000000000000000e+00 (Real 4 [])) Add (RealConstant   3.00000000000000000e+00 (Real 4 [])) (Real 4 []) (RealConstant   8.00000000000000000e+00 (Real 4 []))) (RealBinOp (RealBinOp (RealConstant   5.00000000000000000e+00 (Real 4 [])) Add (RealConstant   3.00000000000000000e+00 (Real 4 [])) (Real 4 []) (RealConstant   8.00000000000000000e+00 (Real 4 []))) Mul (RealConstant   2.00000000000000000e+00 (Real 4 [])) (Real 4 []) (RealConstant   1.60000000000000000e+01 (Real 4 []))) (RealBinOp (RealConstant   5.00000000000000000e+00 (Real 4 [])) Add (RealBinOp (RealConstant   3.00000000000000000e+00 (Real 4 [])) Mul (RealConstant   2.00000000000000000e+00 (Real 4 [])) (Real 4 []) (RealConstant   6.00000000000000000e+00 (Real 4 []))) (Real 4 []) (RealConstant   1.10000000000000000e+01 (Real 4 []))) (RealBinOp (RealConstant   5.00000000000000000e+00 (Real 4 [])) Sub (RealConstant   3.00000000000000000e+00 (Real 4 [])) (Real 4 []) (RealConstant   2.00000000000000000e+00 (Real 4 []))) (RealBinOp (RealConstant   4.00000000000000000e+00 (Real 4 [])) Pow (RealConstant   3.00000000000000000e+00 (Real 4 [])) (Real 4 []) (RealConstant   6.40000000000000000e+01 (Real 4 [])))])
