(TranslationUnit (SymbolTable 1 {complex2: (Program (SymbolTable 2 {x: (Variable 2 x Local () () Default (Complex 4 []) Source Public Required .false.), y: (Variable 2 y Local () () Default (Complex 4 []) Source Public Required .false.), z: (Variable 2 z Local () () Default (Complex 4 []) Source Public Required .false.)}) complex2 [] [(= (Var 2 x) (ComplexConstructor (RealConstant   3.00000000000000000e+00 (Real 4 [])) (RealConstant   4.00000000000000000e+00 (Real 4 [])) (Complex 4 []) (ComplexConstant   3.00000000000000000e+00   4.00000000000000000e+00 (Complex 4 []))) ()) (= (Var 2 y) (ComplexConstructor (RealConstant   3.00000000000000000e+00 (Real 4 [])) (RealConstant   2.00000000000000000e+00 (Real 4 [])) (Complex 4 []) (ComplexConstant   3.00000000000000000e+00   2.00000000000000000e+00 (Complex 4 []))) ()) (= (Var 2 z) (ComplexBinOp (Var 2 x) Pow (Var 2 y) (Complex 4 []) ()) ()) (Print () [(Var 2 z)] () ())])}) [])
