(TranslationUnit (SymbolTable 1 {complex2: (Program (SymbolTable 2 {x: (Variable 2 x Local () () Default (Complex 4 []) Source Public Required .false.)}) complex2 [] [(= (Var 2 x) (ComplexConstructor (RealConstant   3.00000000000000000e+00 (Real 4 [])) (RealConstant   4.00000000000000000e+00 (Real 4 [])) (Complex 4 []) (ComplexConstant   3.00000000000000000e+00   4.00000000000000000e+00 (Complex 4 []))) ()) (= (Var 2 x) (ComplexBinOp (Var 2 x) Add (Cast (RealConstant   4.00000000000000000e+00 (Real 4 [])) RealToComplex (Complex 4 []) (ComplexConstant   4.00000000000000000e+00   0.00000000000000000e+00 (Complex 4 []))) (Complex 4 []) ()) ()) (Print () [(Var 2 x)] () ()) (= (Var 2 x) (ComplexBinOp (Cast (RealConstant   2.00000000000000000e+00 (Real 4 [])) RealToComplex (Complex 4 []) (ComplexConstant   2.00000000000000000e+00   0.00000000000000000e+00 (Complex 4 []))) Add (Var 2 x) (Complex 4 []) ()) ()) (Print () [(Var 2 x)] () ()) (= (Var 2 x) (ComplexBinOp (ComplexBinOp (Cast (RealConstant   2.00000000000000000e+00 (Real 4 [])) RealToComplex (Complex 4 []) (ComplexConstant   2.00000000000000000e+00   0.00000000000000000e+00 (Complex 4 []))) Add (Var 2 x) (Complex 4 []) ()) Add (ComplexConstructor (RealConstant   0.00000000000000000e+00 (Real 4 [])) (RealConstant   3.00000000000000000e+00 (Real 4 [])) (Complex 4 []) (ComplexConstant   0.00000000000000000e+00   3.00000000000000000e+00 (Complex 4 []))) (Complex 4 []) ()) ()) (Print () [(Var 2 x)] () ())])}) [])
