(TranslationUnit (SymbolTable 1 {arrays_05: (Program (SymbolTable 2 {i: (Variable 2 i Local () () Default (Integer 4 []) Source Public Required .false.), numbers: (Variable 2 numbers Local (ArrayConstant [(RealConstant   1.50000000000000000e+00 (Real 4 [])) (RealConstant   3.20000000000000018e+00 (Real 4 [])) (RealConstant   4.50000000000000000e+00 (Real 4 [])) (RealConstant   9.00000000000000022e-01 (Real 4 [])) (RealConstant   7.20000000000000018e+00 (Real 4 []))] (Real 4 [((IntegerConstant 1 (Integer 4 [])) (IntegerConstant 5 (Integer 4 [])))])) () Save (Real 4 [((IntegerConstant 1 (Integer 4 [])) (IntegerConstant 5 (Integer 4 [])))]) Source Public Required .false.)}) arrays_05 [] [(DoLoop ((Var 2 i) (IntegerConstant 1 (Integer 4 [])) (IntegerConstant 5 (Integer 4 [])) ()) [(= (ArrayItem (Var 2 numbers) [(() (Var 2 i) ())] (Real 4 []) ()) (RealBinOp (Cast (Var 2 i) IntegerToReal (Real 4 []) ()) Mul (RealConstant   2.00000000000000000e+00 (Real 4 [])) (Real 4 []) ()) ())]) (= (Var 2 numbers) (ArrayConstant [(RealConstant   1.50000000000000000e+00 (Real 4 [])) (RealConstant   3.20000000000000018e+00 (Real 4 [])) (RealConstant   4.50000000000000000e+00 (Real 4 [])) (RealConstant   9.00000000000000022e-01 (Real 4 [])) (RealConstant   7.20000000000000018e+00 (Real 4 []))] (Real 4 [((IntegerConstant 1 (Integer 4 [])) (IntegerConstant 5 (Integer 4 [])))])) ())])}) [])
