(TranslationUnit (SymbolTable 1 {intrinsics_09: (Program (SymbolTable 2 {tiny: (ExternalSymbol 2 tiny 4 tiny lfortran_intrinsic_builtin [] tiny Private), z: (Variable 2 z Local (RealConstant   0.00000000000000000e+00 (Real 4 [])) () Save (Real 4 []) Source Public Required .false.)}) intrinsics_09 [] [(If (RealCompare (Var 2 z) Lt (FunctionCall 2 tiny () [((RealConstant   1.00000000000000000e+00 (Real 4 [])))] (Real 4 []) (RealConstant   1.17549435082228751e-38 (Real 4 [])) ()) (Logical 4 []) ()) [(Print () [(Var 2 z)] () ())] [])]), lfortran_intrinsic_builtin: (IntrinsicModule lfortran_intrinsic_builtin)}) [])
