(TranslationUnit (SymbolTable 1 {complex1: (Program (SymbolTable 2 {x: (Variable 2 x Local () () Default (Complex 4 []) Source Public Required .false.)}) complex1 [] [(= (Var 2 x) (ComplexConstructor (RealConstant   3.00000000000000000e+00 (Real 4 [])) (RealConstant   4.00000000000000000e+00 (Real 4 [])) (Complex 4 []) (ComplexConstant   3.00000000000000000e+00   4.00000000000000000e+00 (Complex 4 []))) ())])}) [])
