(TranslationUnit (SymbolTable 1 {expr_07: (Program (SymbolTable 2 {x: (Variable 2 x Local (RealBinOp (RealConstant   3.29999999999999982e+00 (Real 4 [])) Add (RealConstant   6.00000000000000000e+00 (Real 4 [])) (Real 4 []) (RealConstant   9.30000000000000071e+00 (Real 4 []))) () Save (Real 4 []) Source Public Required .false.)}) expr_07 [] [(Print () [(Var 2 x)] () ())])}) [])
