(TranslationUnit (SymbolTable 1 {inner_scope: (Function (SymbolTable 4 {}) inner_scope [] [] [] () Source Public Interface () .false. .false. .false.), main: (Program (SymbolTable 3 {b: (Variable 3 b Local () () Default (Integer 4 []) Source Public Required .false.), c: (Variable 3 c Local () () Default (Integer 4 []) Source Public Required .false.)}) main [] [(SubroutineCall 1 inner_scope () [((Var 3 b)) ((Var 3 c))] ())]), outer_scope: (Function (SymbolTable 2 {a: (Variable 2 a Unspecified () () Default (Integer 4 []) Source Public Required .false.)}) outer_scope [(Var 2 a)] [] [(Print () [(Var 2 a)] () ())] () Source Public Implementation () .false. .false. .false.)}) [])
