(TranslationUnit (SymbolTable 1 {g: (Function (SymbolTable 4 {a: (Variable 4 a Unspecified () () Default (Integer 4 []) Source Public Required .false.)}) g [(Var 4 a)] [] [(Print () [(Var 4 a)] () ())] () Source Public Implementation () .false. .false. .false.), main: (Program (SymbolTable 2 {a: (Variable 2 a Local () () Default (Integer 4 []) Source Public Required .false.)}) main [] [(= (Var 2 a) (IntegerConstant 1 (Integer 4 [])) ()) (SubroutineCall 1 g () [((Var 2 a))] ())])}) [])
