(TranslationUnit (SymbolTable 1 {types_01: (Program (SymbolTable 2 {r: (Variable 2 r Local () () Default (Real 4 []) Source Public Required .false.)}) types_01 [] [(= (Var 2 r) (RealConstant   1.00000000000000000e+00 (Real 4 [])) ()) (= (Var 2 r) (RealConstant   1.50000000000000000e+00 (Real 4 [])) ()) (= (Var 2 r) (RealConstant   1.00000000000000000e+00 (Real 4 [])) ())])}) [])
