(TranslationUnit (SymbolTable 1 {complex_02: (Program (SymbolTable 2 {a: (Variable 2 a Local () () Default (Real 4 []) Source Public Required .false.), b: (Variable 2 b Local () () Default (Real 4 []) Source Public Required .false.), i_: (Variable 2 i_ Local () () Default (Complex 4 []) Source Public Required .false.), w: (Variable 2 w Local () () Default (Complex 4 []) Source Public Required .false.), x: (Variable 2 x Local () () Default (Complex 4 []) Source Public Required .false.), z: (Variable 2 z Local () () Default (Complex 4 []) Source Public Required .false.)}) complex_02 [] [(= (Var 2 x) (ComplexConstructor (RealConstant   1.00000000000000000e+00 (Real 4 [])) (RealUnaryMinus (RealConstant   3.00000000000000000e+00 (Real 4 [])) (Real 4 []) (RealConstant  -3.00000000000000000e+00 (Real 4 []))) (Complex 4 []) (ComplexConstant   1.00000000000000000e+00  -3.00000000000000000e+00 (Complex 4 []))) ()) (= (Var 2 a) (RealConstant   3.00000000000000000e+00 (Real 4 [])) ()) (= (Var 2 b) (RealConstant   4.00000000000000000e+00 (Real 4 [])) ()) (= (Var 2 i_) (ComplexConstructor (IntegerConstant 0 (Integer 4 [])) (IntegerConstant 1 (Integer 4 [])) (Complex 4 []) (ComplexConstant   0.00000000000000000e+00   1.00000000000000000e+00 (Complex 4 []))) ()) (= (Var 2 z) (ComplexBinOp (Cast (Var 2 a) RealToComplex (Complex 4 []) ()) Add (ComplexBinOp (Var 2 i_) Mul (Cast (Var 2 b) RealToComplex (Complex 4 []) ()) (Complex 4 []) ()) (Complex 4 []) ()) ()) (= (Var 2 w) (ComplexBinOp (Cast (RealBinOp (Var 2 a) Add (Var 2 b) (Real 4 []) ()) RealToComplex (Complex 4 []) ()) Add (ComplexBinOp (Var 2 i_) Mul (Cast (RealBinOp (Var 2 a) Sub (Var 2 b) (Real 4 []) ()) RealToComplex (Complex 4 []) ()) (Complex 4 []) ()) (Complex 4 []) ()) ()) (Print () [(Var 2 x) (Var 2 z) (Var 2 w)] () ())])}) [])
