(TranslationUnit (SymbolTable 1 {div_to_mul: (Program (SymbolTable 2 {abs: (ExternalSymbol 2 abs 4 abs lfortran_intrinsic_math [] abs Private), abs@iabs: (ExternalSymbol 2 abs@iabs 4 iabs lfortran_intrinsic_math [] iabs Private), abs@sabs: (ExternalSymbol 2 abs@sabs 4 sabs lfortran_intrinsic_math [] sabs Private), eps: (Variable 2 eps Local (RealConstant   9.99999999999999955e-07 (Real 4 [])) () Save (Real 4 []) Source Public Required .false.), pi: (Variable 2 pi Local (RealConstant   3.14000000000000012e+00 (Real 4 [])) (RealConstant   3.14000000000000012e+00 (Real 4 [])) Parameter (Real 4 []) Source Public Required .false.), x: (Variable 2 x Local (RealConstant   3.14000000000000012e+00 (Real 4 [])) () Save (Real 4 []) Source Public Required .false.), y: (Variable 2 y Local (IntegerConstant 2 (Integer 4 [])) () Save (Integer 4 []) Source Public Required .false.)}) div_to_mul [] [(If (RealCompare (FunctionCall 2 abs@sabs 2 abs [((RealBinOp (RealBinOp (Var 2 x) Div (Var 2 pi) (Real 4 []) ()) Sub (RealConstant   1.00000000000000000e+00 (Real 4 [])) (Real 4 []) ()))] (Real 4 []) () ()) Gt (Var 2 eps) (Logical 4 []) ()) [(ErrorStop ())] []) (If (RealCompare (FunctionCall 2 abs@sabs 2 abs [((RealBinOp (RealBinOp (Var 2 x) Div (RealConstant   2.00000000000000000e+00 (Real 4 [])) (Real 4 []) ()) Sub (RealConstant   1.57000000000000006e+00 (Real 4 [])) (Real 4 []) ()))] (Real 4 []) () ()) Gt (Var 2 eps) (Logical 4 []) ()) [(ErrorStop ())] []) (If (RealCompare (FunctionCall 2 abs@sabs 2 abs [((RealBinOp (RealBinOp (Var 2 x) Div (Cast (RealConstant   2.00000000000000000e+00 (Real 8 [])) RealToReal (Real 4 []) (RealConstant   2.00000000000000000e+00 (Real 4 []))) (Real 4 []) ()) Sub (RealConstant   1.57000000000000006e+00 (Real 4 [])) (Real 4 []) ()))] (Real 4 []) () ()) Gt (Var 2 eps) (Logical 4 []) ()) [(ErrorStop ())] []) (If (RealCompare (FunctionCall 2 abs@sabs 2 abs [((RealBinOp (RealBinOp (Var 2 x) Div (Cast (IntegerConstant 2 (Integer 4 [])) IntegerToReal (Real 4 []) (RealConstant   2.00000000000000000e+00 (Real 4 []))) (Real 4 []) ()) Sub (RealConstant   1.57000000000000006e+00 (Real 4 [])) (Real 4 []) ()))] (Real 4 []) () ()) Gt (Var 2 eps) (Logical 4 []) ()) [(ErrorStop ())] []) (If (RealCompare (Cast (FunctionCall 2 abs@iabs 2 abs [((IntegerBinOp (IntegerBinOp (Var 2 y) Div (IntegerConstant 2 (Integer 4 [])) (Integer 4 []) ()) Sub (IntegerConstant 1 (Integer 4 [])) (Integer 4 []) ()))] (Integer 4 []) () ()) IntegerToReal (Real 4 []) ()) Gt (Var 2 eps) (Logical 4 []) ()) [(ErrorStop ())] [])]), iso_c_binding: (IntrinsicModule lfortran_intrinsic_iso_c_binding), iso_fortran_env: (IntrinsicModule lfortran_intrinsic_iso_fortran_env), lfortran_intrinsic_builtin: (IntrinsicModule lfortran_intrinsic_builtin), lfortran_intrinsic_math: (IntrinsicModule lfortran_intrinsic_math)}) [])
