(TranslationUnit (SymbolTable 1 {intrinsics_02: (Program (SymbolTable 2 {sin: (ExternalSymbol 2 sin 4 sin lfortran_intrinsic_math [] sin Private), sin@ssin: (ExternalSymbol 2 sin@ssin 4 ssin lfortran_intrinsic_math [] ssin Private), x: (Variable 2 x Local () () Default (Real 4 []) Source Public Required .false.)}) intrinsics_02 [] [(= (Var 2 x) (FunctionCall 2 sin@ssin 2 sin [((RealConstant   1.50000000000000000e+00 (Real 4 [])))] (Real 4 []) (RealConstant   9.97494986604054446e-01 (Real 4 [])) ()) ()) (Print () [(Var 2 x)] () ())]), iso_c_binding: (IntrinsicModule lfortran_intrinsic_iso_c_binding), iso_fortran_env: (IntrinsicModule lfortran_intrinsic_iso_fortran_env), lfortran_intrinsic_builtin: (IntrinsicModule lfortran_intrinsic_builtin), lfortran_intrinsic_math: (IntrinsicModule lfortran_intrinsic_math)}) [])
