(TranslationUnit (SymbolTable 1 {types_05: (Program (SymbolTable 2 {i: (Variable 2 i Local () () Default (Integer 4 []) Source Public Required .false.), r: (Variable 2 r Local () () Default (Real 4 []) Source Public Required .false.)}) types_05 [] [(= (Var 2 r) (RealBinOp (RealConstant   1.00000000000000000e+00 (Real 4 [])) Mul (Cast (IntegerConstant 2 (Integer 4 [])) IntegerToReal (Real 4 []) (RealConstant   2.00000000000000000e+00 (Real 4 []))) (Real 4 []) (RealConstant   2.00000000000000000e+00 (Real 4 []))) ()) (= (Var 2 r) (RealBinOp (Cast (IntegerConstant 2 (Integer 4 [])) IntegerToReal (Real 4 []) (RealConstant   2.00000000000000000e+00 (Real 4 []))) Mul (RealConstant   1.00000000000000000e+00 (Real 4 [])) (Real 4 []) (RealConstant   2.00000000000000000e+00 (Real 4 []))) ()) (= (Var 2 r) (RealBinOp (Cast (IntegerConstant 2 (Integer 4 [])) IntegerToReal (Real 4 []) (RealConstant   2.00000000000000000e+00 (Real 4 []))) Mul (RealBinOp (Cast (IntegerConstant 3 (Integer 4 [])) IntegerToReal (Real 4 []) (RealConstant   3.00000000000000000e+00 (Real 4 []))) Add (RealConstant   1.00000000000000000e+00 (Real 4 [])) (Real 4 []) (RealConstant   4.00000000000000000e+00 (Real 4 []))) (Real 4 []) (RealConstant   8.00000000000000000e+00 (Real 4 []))) ()) (= (Var 2 r) (RealBinOp (Cast (IntegerConstant 2 (Integer 4 [])) IntegerToReal (Real 4 []) (RealConstant   2.00000000000000000e+00 (Real 4 []))) Mul (RealBinOp (RealConstant   3.00000000000000000e+00 (Real 4 [])) Sub (Cast (IntegerConstant 1 (Integer 4 [])) IntegerToReal (Real 4 []) (RealConstant   1.00000000000000000e+00 (Real 4 []))) (Real 4 []) (RealConstant   2.00000000000000000e+00 (Real 4 []))) (Real 4 []) (RealConstant   4.00000000000000000e+00 (Real 4 []))) ()) (= (Var 2 r) (Cast (IntegerBinOp (IntegerConstant 1 (Integer 4 [])) Div (IntegerConstant 2 (Integer 4 [])) (Integer 4 []) (IntegerConstant 0 (Integer 4 []))) IntegerToReal (Real 4 []) (RealConstant   0.00000000000000000e+00 (Real 4 []))) ()) (= (Var 2 r) (RealBinOp (RealConstant   1.00000000000000000e+00 (Real 4 [])) Div (Cast (IntegerConstant 2 (Integer 4 [])) IntegerToReal (Real 4 []) (RealConstant   2.00000000000000000e+00 (Real 4 []))) (Real 4 []) (RealConstant   5.00000000000000000e-01 (Real 4 []))) ()) (= (Var 2 r) (RealBinOp (Cast (IntegerConstant 1 (Integer 4 [])) IntegerToReal (Real 4 []) (RealConstant   1.00000000000000000e+00 (Real 4 []))) Div (RealConstant   2.00000000000000000e+00 (Real 4 [])) (Real 4 []) (RealConstant   5.00000000000000000e-01 (Real 4 []))) ()) (= (Var 2 i) (Cast (RealBinOp (RealConstant   1.00000000000000000e+00 (Real 4 [])) Mul (Cast (IntegerConstant 2 (Integer 4 [])) IntegerToReal (Real 4 []) (RealConstant   2.00000000000000000e+00 (Real 4 []))) (Real 4 []) (RealConstant   2.00000000000000000e+00 (Real 4 []))) RealToInteger (Integer 4 []) (IntegerConstant 2 (Integer 4 []))) ()) (= (Var 2 i) (Cast (RealBinOp (Cast (IntegerConstant 2 (Integer 4 [])) IntegerToReal (Real 4 []) (RealConstant   2.00000000000000000e+00 (Real 4 []))) Mul (RealConstant   1.00000000000000000e+00 (Real 4 [])) (Real 4 []) (RealConstant   2.00000000000000000e+00 (Real 4 []))) RealToInteger (Integer 4 []) (IntegerConstant 2 (Integer 4 []))) ()) (= (Var 2 i) (Cast (RealBinOp (Cast (IntegerConstant 2 (Integer 4 [])) IntegerToReal (Real 4 []) (RealConstant   2.00000000000000000e+00 (Real 4 []))) Mul (RealBinOp (Cast (IntegerConstant 3 (Integer 4 [])) IntegerToReal (Real 4 []) (RealConstant   3.00000000000000000e+00 (Real 4 []))) Add (RealConstant   1.00000000000000000e+00 (Real 4 [])) (Real 4 []) (RealConstant   4.00000000000000000e+00 (Real 4 []))) (Real 4 []) (RealConstant   8.00000000000000000e+00 (Real 4 []))) RealToInteger (Integer 4 []) (IntegerConstant 8 (Integer 4 []))) ()) (= (Var 2 i) (Cast (RealBinOp (Cast (IntegerConstant 2 (Integer 4 [])) IntegerToReal (Real 4 []) (RealConstant   2.00000000000000000e+00 (Real 4 []))) Mul (RealBinOp (RealConstant   3.00000000000000000e+00 (Real 4 [])) Sub (Cast (IntegerConstant 1 (Integer 4 [])) IntegerToReal (Real 4 []) (RealConstant   1.00000000000000000e+00 (Real 4 []))) (Real 4 []) (RealConstant   2.00000000000000000e+00 (Real 4 []))) (Real 4 []) (RealConstant   4.00000000000000000e+00 (Real 4 []))) RealToInteger (Integer 4 []) (IntegerConstant 4 (Integer 4 []))) ()) (= (Var 2 i) (IntegerBinOp (IntegerConstant 1 (Integer 4 [])) Div (IntegerConstant 2 (Integer 4 [])) (Integer 4 []) (IntegerConstant 0 (Integer 4 []))) ()) (= (Var 2 i) (Cast (RealBinOp (RealConstant   1.00000000000000000e+00 (Real 4 [])) Div (Cast (IntegerConstant 2 (Integer 4 [])) IntegerToReal (Real 4 []) (RealConstant   2.00000000000000000e+00 (Real 4 []))) (Real 4 []) (RealConstant   5.00000000000000000e-01 (Real 4 []))) RealToInteger (Integer 4 []) (IntegerConstant 0 (Integer 4 []))) ()) (= (Var 2 i) (Cast (RealBinOp (Cast (IntegerConstant 1 (Integer 4 [])) IntegerToReal (Real 4 []) (RealConstant   1.00000000000000000e+00 (Real 4 []))) Div (RealConstant   2.00000000000000000e+00 (Real 4 [])) (Real 4 []) (RealConstant   5.00000000000000000e-01 (Real 4 []))) RealToInteger (Integer 4 []) (IntegerConstant 0 (Integer 4 []))) ())])}) [])
