(TranslationUnit 
    [(Program 
        data2 
        () 
        [] 
        [(ImplicitNone 
            [] 
            ()
        )] 
        [(Declaration 
            (AttrType 
                TypeInteger 
                [] 
                () 
                None
            ) 
            [] 
            [(i 
            [] 
            [] 
            () 
            None 
            ())
            (iarx 
            [(1 
            3 
            DimensionExpr)
            (1 
            1 
            DimensionExpr)] 
            [] 
            () 
            None 
            ())
            (iary 
            [(1 
            3 
            DimensionExpr)
            (1 
            1 
            DimensionExpr)] 
            [] 
            () 
            None 
            ())] 
            ()
        )
        (Declaration 
            () 
            [(AttrData 
                [(DataImpliedDo 
                    [(FuncCallOrArray 
                        iary 
                        [] 
                        [(() 
                        i 
                        ())
                        (() 
                        1 
                        ())] 
                        [] 
                        []
                    )] 
                    () 
                    i 
                    1 
                    3 
                    ()
                )] 
                [1
                9
                1950]
            )] 
            [] 
            ()
        )] 
        [(Print 
            0 
            () 
            [(String 
                "1"
            )] 
            ()
        )
        (If 
            0 
            () 
            (Logical .true.) 
            [(Print 
                0 
                () 
                [(String 
                    "2"
                )] 
                ()
            )] 
            [(Print 
                0 
                () 
                [(String 
                    "3"
                )] 
                ()
            )] 
            () 
            () 
            ()
        )
        (Print 
            0 
            () 
            [(String 
                "4"
            )] 
            ()
        )
        (Print 
            0 
            () 
            [(String 
                "5"
            )] 
            ()
        )] 
        []
    )]
)
