(TranslationUnit [(Module swap_m () [] [(ImplicitNone [] ())] [(Declaration () [(SimpleAttribute AttrPrivate)] [] ()) (Declaration () [(SimpleAttribute AttrPublic)] [(swap_t [] [] () None ())] (TriviaNode [] [(EndOfLine) (EndOfLine)])) (Template swap_t [T] [(Declaration () [(SimpleAttribute AttrPrivate)] [] ()) (Declaration () [(SimpleAttribute AttrPublic)] [(swap [] [] () None ())] (TriviaNode [] [(EndOfLine) (EndOfLine)])) (DerivedType T [] (TriviaNode [] [(EndOfLine) (EndOfLine)]) [] [] []) (Interface (InterfaceHeaderName swap) () [(InterfaceModuleProcedure [swap_] [(SimpleAttribute AttrModule)] ())])] [(Subroutine swap_ [(x) (y)] [] () () [] [] [] [(Declaration (AttrType TypeType [] T None) [(AttrIntent InOut)] [(x [] [] () None ())] ()) (Declaration (AttrType TypeType [] T None) [] [(tmp [] [] () None ())] (TriviaNode [] [(EndOfLine) (EndOfLine)]))] [(= 0 tmp x ()) (= 0 x y ()) (= 0 y tmp ())] [])])] [])])
