(TranslationUnit (SymbolTable 1 {f: (Function (SymbolTable 2 {f1: (Variable 2 f1 Local () () Default (Real 4 []) BindC Public Required .false.), f2: (Variable 2 f2 Local () () Default (Real 4 []) BindC Public Required .false.), f3: (Variable 2 f3 Local () () Default (Real 4 []) BindC Public Required .false.), f4: (Variable 2 f4 Local () () Default (Real 4 []) BindC Public Required .false.), f5: (Variable 2 f5 Local () () Default (Real 4 []) BindC Public Required .false.), f6: (Variable 2 f6 ReturnVar () () Default (Real 4 []) BindC Public Required .false.)}) f [] [(= (Var 2 f1) (RealConstant   5.00000000000000000e+00 (Real 4 [])) ()) (= (Var 2 f2) (RealBinOp (RealConstant   5.00000000000000000e+00 (Real 4 [])) Add (RealConstant   3.00000000000000000e+00 (Real 4 [])) (Real 4 []) (RealConstant   8.00000000000000000e+00 (Real 4 []))) ()) (= (Var 2 f3) (RealBinOp (RealBinOp (RealConstant   5.00000000000000000e+00 (Real 4 [])) Add (RealConstant   3.00000000000000000e+00 (Real 4 [])) (Real 4 []) (RealConstant   8.00000000000000000e+00 (Real 4 []))) Mul (RealConstant   2.00000000000000000e+00 (Real 4 [])) (Real 4 []) (RealConstant   1.60000000000000000e+01 (Real 4 []))) ()) (= (Var 2 f4) (RealBinOp (RealConstant   5.00000000000000000e+00 (Real 4 [])) Add (RealBinOp (RealConstant   3.00000000000000000e+00 (Real 4 [])) Mul (RealConstant   2.00000000000000000e+00 (Real 4 [])) (Real 4 []) (RealConstant   6.00000000000000000e+00 (Real 4 []))) (Real 4 []) (RealConstant   1.10000000000000000e+01 (Real 4 []))) ()) (= (Var 2 f5) (RealBinOp (RealConstant   5.00000000000000000e+00 (Real 4 [])) Sub (RealConstant   3.00000000000000000e+00 (Real 4 [])) (Real 4 []) (RealConstant   2.00000000000000000e+00 (Real 4 []))) ()) (= (Var 2 f6) (RealBinOp (RealConstant   4.00000000000000000e+00 (Real 4 [])) Pow (RealConstant   3.00000000000000000e+00 (Real 4 [])) (Real 4 []) (RealConstant   6.40000000000000000e+01 (Real 4 []))) ())] (Var 2 f6) BindC Public Implementation .false. ())}) [])
